2026-09-10T10:11:51.675+05:30  INFO 24248 --- [super-admin] [main] c.e.superadmin.SuperAdminApplication     : Starting SuperAdminApplication using Java 21.0.3 with PID 24248 (C:\Users\TARUN Y\Desktop\Super-Admin-managemet\target\classes started by TARUN Y in C:\Users\TARUN Y\Desktop\Super-Admin-managemet)
2026-09-10T10:11:51.714+05:30  INFO 24248 --- [super-admin] [main] c.e.superadmin.SuperAdminApplication     : The following 1 profile is active: "dev"
2026-09-10T10:11:55.488+05:30  INFO 24248 --- [super-admin] [main] .s.d.r.c.RepositoryConfigurationDelegate : Bootstrapping Spring Data JPA repositories in DEFAULT mode.
2026-09-10T10:11:55.913+05:30  INFO 24248 --- [super-admin] [main] .s.d.r.c.RepositoryConfigurationDelegate : Finished Spring Data repository scanning in 376 ms. Found 2 JPA repository interfaces.
2026-09-10T10:12:02.161+05:30  INFO 24248 --- [super-admin] [main] o.s.boot.tomcat.TomcatWebServer          : Tomcat initialized with port 8080 (http)
2026-09-10T10:12:02.235+05:30  INFO 24248 --- [super-admin] [main] o.apache.catalina.core.StandardService   : Starting service [Tomcat]
2026-09-10T10:12:02.236+05:30  INFO 24248 --- [super-admin] [main] o.apache.catalina.core.StandardEngine    : Starting Servlet engine: [Apache Tomcat/11.0.24]
2026-09-10T10:12:02.470+05:30  INFO 24248 --- [super-admin] [main] b.w.c.s.WebApplicationContextInitializer : Root WebApplicationContext: initialization completed in 10519 ms
2026-09-10T10:12:03.891+05:30  INFO 24248 --- [super-admin] [main] org.hibernate.orm.jpa                    : HHH008540: Processing PersistenceUnitInfo [name: default]
2026-09-10T10:12:04.172+05:30  INFO 24248 --- [super-admin] [main] org.hibernate.orm.core                   : HHH000001: Hibernate ORM core version 7.4.5.Final
2026-09-10T10:12:06.348+05:30  INFO 24248 --- [super-admin] [main] o.s.o.j.p.SpringPersistenceUnitInfo      : No LoadTimeWeaver setup: ignoring JPA class transformer
2026-09-10T10:12:06.513+05:30  INFO 24248 --- [super-admin] [main] com.zaxxer.hikari.HikariDataSource       : HikariPool-1 - Starting...
2026-09-10T10:12:07.396+05:30  INFO 24248 --- [super-admin] [main] com.zaxxer.hikari.pool.HikariPool        : HikariPool-1 - Added connection org.postgresql.jdbc.PgConnection@180f33b2
2026-09-10T10:12:07.403+05:30  INFO 24248 --- [super-admin] [main] com.zaxxer.hikari.HikariDataSource       : HikariPool-1 - Start completed.
2026-09-10T10:12:07.701+05:30  INFO 24248 --- [super-admin] [main] org.hibernate.orm.connections.pooling    : HHH10001005: Database info:
	Database JDBC URL [jdbc:postgresql://localhost:5432/cloud_platform]
	Database driver: PostgreSQL JDBC Driver
	Database dialect: PostgreSQLDialect
	Database version: 18.6
	Default catalog/schema: cloud_platform/public
	Autocommit mode: undefined/unknown
	Isolation level: READ_COMMITTED [default READ_COMMITTED]
	JDBC fetch size: none
	Pool: DataSourceConnectionProvider
	Minimum pool size: undefined/unknown
	Maximum pool size: undefined/unknown
2026-09-10T10:12:15.451+05:30  INFO 24248 --- [super-admin] [main] org.hibernate.orm.core                   : HHH000489: No JTA platform available (set 'hibernate.transaction.jta.platform' to enable JTA platform integration)
2026-09-10T10:12:15.487+05:30  INFO 24248 --- [super-admin] [main] j.LocalContainerEntityManagerFactoryBean : Initialized JPA EntityManagerFactory for persistence unit 'default'
2026-09-10T10:12:16.005+05:30  INFO 24248 --- [super-admin] [main] o.s.d.j.r.query.QueryEnhancerFactories   : Hibernate is in classpath; If applicable, HQL parser will be used.
2026-09-10T10:12:17.446+05:30  WARN 24248 --- [super-admin] [main] JpaBaseConfiguration$JpaWebConfiguration : spring.jpa.open-in-view is enabled by default. Therefore, database queries may be performed during view rendering. Explicitly configure spring.jpa.open-in-view to disable this warning
2026-09-10T10:12:17.825+05:30  INFO 24248 --- [super-admin] [main] r$InitializeUserDetailsManagerConfigurer : Global AuthenticationManager configured with UserDetailsService bean with name userDetailsService
2026-09-10T10:12:19.148+05:30  INFO 24248 --- [super-admin] [main] o.s.b.a.e.web.EndpointLinksResolver      : Exposing 1 endpoint beneath base path '/actuator'
2026-09-10T10:12:19.329+05:30  INFO 24248 --- [super-admin] [main] o.s.boot.tomcat.TomcatWebServer          : Tomcat started on port 8080 (http) with context path '/'
2026-09-10T10:12:19.353+05:30  INFO 24248 --- [super-admin] [main] c.e.superadmin.SuperAdminApplication     : Started SuperAdminApplication in 29.955 seconds (process running for 32.031)
2026-09-10T10:12:44.436+05:30  INFO 24248 --- [super-admin] [http-nio-8080-exec-1] o.a.c.c.C.[Tomcat].[localhost].[/]       : Initializing Spring DispatcherServlet 'dispatcherServlet'
2026-09-10T10:12:44.437+05:30  INFO 24248 --- [super-admin] [http-nio-8080-exec-1] o.s.web.servlet.DispatcherServlet        : Initializing Servlet 'dispatcherServlet'
2026-09-10T10:12:44.448+05:30  INFO 24248 --- [super-admin] [http-nio-8080-exec-1] o.s.web.servlet.DispatcherServlet        : Completed initialization in 11 ms
2026-09-10T10:12:46.748+05:30  INFO 24248 --- [super-admin] [http-nio-8080-exec-1] c.e.s.p.c.PlatformBrandingController     : GET /api/v1/branding
2026-09-10T10:12:46.814+05:30  INFO 24248 --- [super-admin] [http-nio-8080-exec-1] c.e.s.p.s.impl.BrandingServiceImpl       : Fetching current platform branding
2026-09-10T10:12:46.815+05:30 DEBUG 24248 --- [super-admin] [http-nio-8080-exec-1] c.e.s.p.s.impl.BrandingServiceImpl       : Loading platform branding configurations. category=BRANDING, scope=PLATFORM
2026-09-10T10:12:50.273+05:30 DEBUG 24248 --- [super-admin] [http-nio-8080-exec-1] c.e.s.p.s.impl.BrandingServiceImpl       : Loaded 15 platform branding configuration values
2026-09-10T10:12:50.278+05:30  INFO 24248 --- [super-admin] [http-nio-8080-exec-1] c.e.s.p.s.impl.BrandingServiceImpl       : Platform branding fetched successfully. status=DRAFT
2026-09-10T10:13:44.580+05:30  INFO 24248 --- [super-admin] [http-nio-8080-exec-3] c.e.s.p.c.PlatformBrandingController     : POST /api/v1/branding
2026-09-10T10:13:44.584+05:30  INFO 24248 --- [super-admin] [http-nio-8080-exec-3] c.e.s.p.s.impl.BrandingServiceImpl       : Starting platform branding initialization
2026-09-10T10:13:44.585+05:30 DEBUG 24248 --- [super-admin] [http-nio-8080-exec-3] c.e.s.p.s.BrandingValidationService      : Branding validation successful for required field='platform_name'
2026-09-10T10:13:44.586+05:30 DEBUG 24248 --- [super-admin] [http-nio-8080-exec-3] c.e.s.p.s.BrandingValidationService      : Branding validation successful for required field='company_name'
2026-09-10T10:13:44.587+05:30 DEBUG 24248 --- [super-admin] [http-nio-8080-exec-3] c.e.s.p.s.BrandingValidationService      : Branding validation successful for optional field='welcome_message'
2026-09-10T10:13:44.589+05:30 DEBUG 24248 --- [super-admin] [http-nio-8080-exec-3] c.e.s.p.s.BrandingValidationService      : Branding validation successful for optional field='footer_text'
2026-09-10T10:13:44.589+05:30 DEBUG 24248 --- [super-admin] [http-nio-8080-exec-3] c.e.s.p.s.BrandingValidationService      : Branding validation successful for optional field='copyright_text'
2026-09-10T10:13:44.590+05:30 DEBUG 24248 --- [super-admin] [http-nio-8080-exec-3] c.e.s.p.s.impl.BrandingServiceImpl       : Loading platform branding configurations. category=BRANDING, scope=PLATFORM
2026-09-10T10:13:44.609+05:30 DEBUG 24248 --- [super-admin] [http-nio-8080-exec-3] c.e.s.p.s.impl.BrandingServiceImpl       : Loaded 15 platform branding configuration values
2026-09-10T10:13:44.635+05:30  WARN 24248 --- [super-admin] [http-nio-8080-exec-3] c.e.s.p.e.GlobalExceptionHandler         : Branding creation conflict. correlationId=2af8243b-7b3e-4932-83d0-164d6cc96181, path=/api/v1/branding
2026-09-10T10:15:03.069+05:30  INFO 24248 --- [super-admin] [http-nio-8080-exec-6] c.e.s.p.c.PlatformBrandingController     : POST /api/v1/branding
2026-09-10T10:15:03.072+05:30  INFO 24248 --- [super-admin] [http-nio-8080-exec-6] c.e.s.p.s.impl.BrandingServiceImpl       : Starting platform branding initialization
2026-09-10T10:15:03.073+05:30 DEBUG 24248 --- [super-admin] [http-nio-8080-exec-6] c.e.s.p.s.BrandingValidationService      : Branding validation successful for required field='platform_name'
2026-09-10T10:15:03.074+05:30 DEBUG 24248 --- [super-admin] [http-nio-8080-exec-6] c.e.s.p.s.BrandingValidationService      : Branding validation successful for required field='company_name'
2026-09-10T10:15:03.074+05:30 DEBUG 24248 --- [super-admin] [http-nio-8080-exec-6] c.e.s.p.s.BrandingValidationService      : Branding validation successful for optional field='welcome_message'
2026-09-10T10:15:03.074+05:30 DEBUG 24248 --- [super-admin] [http-nio-8080-exec-6] c.e.s.p.s.BrandingValidationService      : Branding validation successful for optional field='footer_text'
2026-09-10T10:15:03.074+05:30 DEBUG 24248 --- [super-admin] [http-nio-8080-exec-6] c.e.s.p.s.BrandingValidationService      : Branding validation successful for optional field='copyright_text'
2026-09-10T10:15:03.074+05:30 DEBUG 24248 --- [super-admin] [http-nio-8080-exec-6] c.e.s.p.s.impl.BrandingServiceImpl       : Loading platform branding configurations. category=BRANDING, scope=PLATFORM
2026-09-10T10:15:03.092+05:30 DEBUG 24248 --- [super-admin] [http-nio-8080-exec-6] c.e.s.p.s.impl.BrandingServiceImpl       : Loaded 15 platform branding configuration values
2026-09-10T10:15:03.100+05:30  WARN 24248 --- [super-admin] [http-nio-8080-exec-6] c.e.s.p.e.GlobalExceptionHandler         : Branding creation conflict. correlationId=90fc2eab-4f9d-4d9e-8b7e-325fd1c9beb2, path=/api/v1/branding
2026-09-10T10:15:32.975+05:30  INFO 24248 --- [super-admin] [http-nio-8080-exec-7] c.e.s.p.c.PlatformBrandingController     : PUT /api/v1/branding
2026-09-10T10:15:32.978+05:30  INFO 24248 --- [super-admin] [http-nio-8080-exec-7] c.e.s.p.s.impl.BrandingServiceImpl       : Starting platform branding update
2026-09-10T10:15:32.979+05:30 DEBUG 24248 --- [super-admin] [http-nio-8080-exec-7] c.e.s.p.s.BrandingValidationService      : Branding validation successful for required field='platform_name'
2026-09-10T10:15:32.979+05:30 DEBUG 24248 --- [super-admin] [http-nio-8080-exec-7] c.e.s.p.s.BrandingValidationService      : Branding validation successful for required field='company_name'
2026-09-10T10:15:32.979+05:30 DEBUG 24248 --- [super-admin] [http-nio-8080-exec-7] c.e.s.p.s.BrandingValidationService      : Branding validation successful for optional field='welcome_message'
2026-09-10T10:15:32.979+05:30 DEBUG 24248 --- [super-admin] [http-nio-8080-exec-7] c.e.s.p.s.BrandingValidationService      : Branding validation successful for optional field='footer_text'
2026-09-10T10:15:32.979+05:30 DEBUG 24248 --- [super-admin] [http-nio-8080-exec-7] c.e.s.p.s.BrandingValidationService      : Branding validation successful for optional field='copyright_text'
2026-09-10T10:15:32.980+05:30 DEBUG 24248 --- [super-admin] [http-nio-8080-exec-7] c.e.s.p.s.BrandingValidationService      : Branding HEX color validation successful for field='primary_color'
2026-09-10T10:15:32.980+05:30 DEBUG 24248 --- [super-admin] [http-nio-8080-exec-7] c.e.s.p.s.BrandingValidationService      : Branding HEX color validation successful for field='secondary_color'
2026-09-10T10:15:32.980+05:30 DEBUG 24248 --- [super-admin] [http-nio-8080-exec-7] c.e.s.p.s.BrandingValidationService      : Branding HEX color validation successful for field='accent_color'
2026-09-10T10:15:32.982+05:30 DEBUG 24248 --- [super-admin] [http-nio-8080-exec-7] c.e.s.p.s.BrandingValidationService      : Branding theme validation successful: theme='DARK'
2026-09-10T10:15:32.982+05:30 DEBUG 24248 --- [super-admin] [http-nio-8080-exec-7] c.e.s.p.s.impl.BrandingServiceImpl       : Loading platform branding configurations. category=BRANDING, scope=PLATFORM
2026-09-10T10:15:32.992+05:30 DEBUG 24248 --- [super-admin] [http-nio-8080-exec-7] c.e.s.p.s.impl.BrandingServiceImpl       : Loaded 15 platform branding configuration values
2026-09-10T10:15:33.518+05:30  INFO 24248 --- [super-admin] [http-nio-8080-exec-7] c.e.s.p.i.audit.LocalAuditLogClient      : LOCAL AUDIT | actor=superadmin action=BRANDING_UPDATED module=PLATFORM_BRANDING entity=PLATFORM_BRANDING entityId=PLATFORM status=SUCCESS timestamp=2026-09-10T10:15:33.518941400
2026-09-10T10:15:33.521+05:30 DEBUG 24248 --- [super-admin] [http-nio-8080-exec-7] c.e.s.p.s.impl.BrandingServiceImpl       : Branding audit recorded. action=BRANDING_UPDATED, actor=superadmin
2026-09-10T10:15:33.522+05:30  INFO 24248 --- [super-admin] [http-nio-8080-exec-7] c.e.s.p.s.impl.BrandingServiceImpl       : Platform branding update completed successfully
2026-09-10T10:15:33.522+05:30 DEBUG 24248 --- [super-admin] [http-nio-8080-exec-7] c.e.s.p.s.impl.BrandingServiceImpl       : Loading platform branding configurations. category=BRANDING, scope=PLATFORM
2026-09-10T10:15:33.528+05:30 DEBUG 24248 --- [super-admin] [http-nio-8080-exec-7] c.e.s.p.s.impl.BrandingServiceImpl       : Loaded 15 platform branding configuration values
2026-09-10T12:30:25.238+05:30  INFO 24248 --- [super-admin] [SpringApplicationShutdownHook] o.s.boot.tomcat.GracefulShutdown         : Commencing graceful shutdown. Waiting for active requests to complete
2026-09-10T12:30:25.349+05:30  INFO 24248 --- [super-admin] [tomcat-shutdown] o.s.boot.tomcat.GracefulShutdown         : Graceful shutdown complete
2026-09-10T12:30:25.549+05:30  INFO 24248 --- [super-admin] [SpringApplicationShutdownHook] j.LocalContainerEntityManagerFactoryBean : Closing JPA EntityManagerFactory for persistence unit 'default'
2026-09-10T12:30:25.660+05:30  INFO 24248 --- [super-admin] [SpringApplicationShutdownHook] com.zaxxer.hikari.HikariDataSource       : HikariPool-1 - Shutdown initiated...
2026-09-10T12:30:25.728+05:30  INFO 24248 --- [super-admin] [SpringApplicationShutdownHook] com.zaxxer.hikari.HikariDataSource       : HikariPool-1 - Shutdown completed.
